src/controllers/activity.controller.ts(8,29): error TS2345: Argument of type 'string | ParsedQs | (string | ParsedQs)[] | undefined' is not assignable to parameter of type 'string'.
  Type 'undefined' is not assignable to type 'string'.
src/controllers/activity.controller.ts(9,30): error TS2345: Argument of type 'string | ParsedQs | (string | ParsedQs)[] | undefined' is not assignable to parameter of type 'string'.
  Type 'undefined' is not assignable to type 'string'.
src/controllers/approval.controller.ts(13,9): error TS2345: Argument of type 'string | string[]' is not assignable to parameter of type 'string'.
  Type 'string[]' is not assignable to type 'string'.
src/controllers/approval.controller.ts(27,9): error TS2345: Argument of type 'string | string[]' is not assignable to parameter of type 'string'.
  Type 'string[]' is not assignable to type 'string'.
src/controllers/approval.controller.ts(41,9): error TS2345: Argument of type 'string | string[]' is not assignable to parameter of type 'string'.
  Type 'string[]' is not assignable to type 'string'.
src/controllers/approval.controller.ts(54,66): error TS2345: Argument of type 'string | string[]' is not assignable to parameter of type 'string'.
  Type 'string[]' is not assignable to type 'string'.
src/controllers/auth.controller.ts(57,51): error TS2339: Property 'user' does not exist on type 'Request<ParamsDictionary, any, any, ParsedQs, Record<string, any>>'.
src/controllers/comment.controller.ts(12,13): error TS2339: Property 'user' does not exist on type 'Request<ParamsDictionary, any, any, ParsedQs, Record<string, any>>'.
src/controllers/comment.controller.ts(25,29): error TS2345: Argument of type 'string | ParsedQs | (string | ParsedQs)[] | undefined' is not assignable to parameter of type 'string'.
  Type 'undefined' is not assignable to type 'string'.
src/controllers/comment.controller.ts(26,30): error TS2345: Argument of type 'string | ParsedQs | (string | ParsedQs)[] | undefined' is not assignable to parameter of type 'string'.
  Type 'undefined' is not assignable to type 'string'.
src/controllers/dependency.controller.ts(14,13): error TS2339: Property 'user' does not exist on type 'Request<ParamsDictionary, any, any, ParsedQs, Record<string, any>>'.
src/controllers/dependency.controller.ts(15,9): error TS2345: Argument of type 'string | undefined' is not assignable to parameter of type 'string'.
  Type 'undefined' is not assignable to type 'string'.
src/controllers/dependency.controller.ts(27,70): error TS2345: Argument of type 'string | string[]' is not assignable to parameter of type 'string'.
  Type 'string[]' is not assignable to type 'string'.
src/controllers/project.controller.ts(10,72): error TS2339: Property 'user' does not exist on type 'Request<ParamsDictionary, any, any, ParsedQs, Record<string, any>>'.
src/controllers/project.controller.ts(10,81): error TS2345: Argument of type 'string | undefined' is not assignable to parameter of type 'string'.
  Type 'undefined' is not assignable to type 'string'.
src/controllers/project.controller.ts(19,55): error TS2345: Argument of type 'string | string[]' is not assignable to parameter of type 'string'.
  Type 'string[]' is not assignable to type 'string'.
src/controllers/project.controller.ts(28,58): error TS2345: Argument of type 'string | string[]' is not assignable to parameter of type 'string'.
  Type 'string[]' is not assignable to type 'string'.
src/controllers/project.controller.ts(28,87): error TS2339: Property 'user' does not exist on type 'Request<ParamsDictionary, any, any, ParsedQs, Record<string, any>>'.
src/controllers/project.controller.ts(37,42): error TS2345: Argument of type 'string | string[]' is not assignable to parameter of type 'string'.
  Type 'string[]' is not assignable to type 'string'.
src/controllers/project.controller.ts(37,61): error TS2339: Property 'user' does not exist on type 'Request<ParamsDictionary, any, any, ParsedQs, Record<string, any>>'.
src/controllers/sprint.controller.ts(10,69): error TS2339: Property 'user' does not exist on type 'Request<ParamsDictionary, any, any, ParsedQs, Record<string, any>>'.
src/controllers/sprint.controller.ts(20,88): error TS2339: Property 'user' does not exist on type 'Request<ParamsDictionary, any, any, ParsedQs, Record<string, any>>'.
src/controllers/task.controller.ts(10,63): error TS2339: Property 'user' does not exist on type 'Request<ParamsDictionary, any, any, ParsedQs, Record<string, any>>'.
src/controllers/task.controller.ts(10,72): error TS2345: Argument of type 'string | undefined' is not assignable to parameter of type 'string'.
  Type 'undefined' is not assignable to type 'string'.
src/controllers/task.controller.ts(19,46): error TS2345: Argument of type 'string | string[]' is not assignable to parameter of type 'string'.
  Type 'string[]' is not assignable to type 'string'.
src/controllers/task.controller.ts(28,49): error TS2345: Argument of type 'string | string[]' is not assignable to parameter of type 'string'.
  Type 'string[]' is not assignable to type 'string'.
src/controllers/task.controller.ts(28,78): error TS2339: Property 'user' does not exist on type 'Request<ParamsDictionary, any, any, ParsedQs, Record<string, any>>'.
src/controllers/task.controller.ts(37,36): error TS2345: Argument of type 'string | string[]' is not assignable to parameter of type 'string'.
  Type 'string[]' is not assignable to type 'string'.
src/controllers/task.controller.ts(37,55): error TS2339: Property 'user' does not exist on type 'Request<ParamsDictionary, any, any, ParsedQs, Record<string, any>>'.
src/controllers/task.controller.ts(47,49): error TS2345: Argument of type 'string | string[]' is not assignable to parameter of type 'string'.
  Type 'string[]' is not assignable to type 'string'.
src/controllers/task.controller.ts(47,80): error TS2339: Property 'user' does not exist on type 'Request<ParamsDictionary, any, any, ParsedQs, Record<string, any>>'.
src/controllers/task.controller.ts(57,47): error TS2345: Argument of type 'string | string[]' is not assignable to parameter of type 'string'.
  Type 'string[]' is not assignable to type 'string'.
src/controllers/task.controller.ts(57,80): error TS2339: Property 'user' does not exist on type 'Request<ParamsDictionary, any, any, ParsedQs, Record<string, any>>'.
src/controllers/template.controller.ts(25,60): error TS2345: Argument of type 'string | string[]' is not assignable to parameter of type 'string'.
  Type 'string[]' is not assignable to type 'string'.
src/controllers/template.controller.ts(37,9): error TS2345: Argument of type 'string | string[]' is not assignable to parameter of type 'string'.
  Type 'string[]' is not assignable to type 'string'.
src/controllers/workflow.controller.ts(11,76): error TS2339: Property 'user' does not exist on type 'Request<ParamsDictionary, any, any, ParsedQs, Record<string, any>>'.
src/controllers/workflow.controller.ts(20,89): error TS2339: Property 'user' does not exist on type 'Request<ParamsDictionary, any, any, ParsedQs, Record<string, any>>'.
src/controllers/workflow.controller.ts(29,99): error TS2339: Property 'user' does not exist on type 'Request<ParamsDictionary, any, any, ParsedQs, Record<string, any>>'.
src/controllers/workflow.controller.ts(42,13): error TS2339: Property 'user' does not exist on type 'Request<ParamsDictionary, any, any, ParsedQs, Record<string, any>>'.
src/controllers/workspace.controller.ts(15,27): error TS2339: Property 'user' does not exist on type 'Request<ParamsDictionary, any, any, ParsedQs, Record<string, any>>'.
src/controllers/workspace.controller.ts(21,9): error TS2345: Argument of type 'string | undefined' is not assignable to parameter of type 'string'.
  Type 'undefined' is not assignable to type 'string'.
src/controllers/workspace.controller.ts(40,27): error TS2339: Property 'user' does not exist on type 'Request<ParamsDictionary, any, any, ParsedQs, Record<string, any>>'.
src/controllers/workspace.controller.ts(44,9): error TS2345: Argument of type 'string | string[]' is not assignable to parameter of type 'string'.
  Type 'string[]' is not assignable to type 'string'.
src/controllers/workspace.controller.ts(65,26): error TS2339: Property 'user' does not exist on type 'Request<ParamsDictionary, any, any, ParsedQs, Record<string, any>>'.
src/controllers/workspace.controller.ts(83,26): error TS2339: Property 'user' does not exist on type 'Request<ParamsDictionary, any, any, ParsedQs, Record<string, any>>'.
src/controllers/workspace.controller.ts(85,68): error TS2345: Argument of type 'string | string[]' is not assignable to parameter of type 'string'.
  Type 'string[]' is not assignable to type 'string'.
src/middleware/auth.ts(66,13): error TS2322: Type 'string | string[]' is not assignable to type 'string'.
  Type 'string[]' is not assignable to type 'string'.
src/repositories/activity.repository.ts(9,28): error TS7006: Parameter 'projectId' implicitly has an 'any' type.
src/repositories/activity.repository.ts(9,39): error TS7006: Parameter 'taskIds' implicitly has an 'any' type.
src/repositories/activity.repository.ts(9,48): error TS7006: Parameter 'skip' implicitly has an 'any' type.
src/repositories/activity.repository.ts(9,54): error TS7006: Parameter 'take' implicitly has an 'any' type.
src/repositories/activity.repository.ts(33,30): error TS7006: Parameter 'projectId' implicitly has an 'any' type.
src/repositories/activity.repository.ts(33,41): error TS7006: Parameter 'taskIds' implicitly has an 'any' type.
src/repositories/auditLog.repository.ts(12,22): error TS7006: Parameter 'entityType' implicitly has an 'any' type.
src/repositories/auditLog.repository.ts(12,34): error TS7006: Parameter 'entityId' implicitly has an 'any' type.
src/repositories/auditLog.repository.ts(23,20): error TS7006: Parameter 'userId' implicitly has an 'any' type.
src/repositories/auditLog.repository.ts(31,25): error TS7006: Parameter 'start' implicitly has an 'any' type.
src/repositories/auditLog.repository.ts(31,32): error TS7006: Parameter 'end' implicitly has an 'any' type.
src/repositories/comment.repository.ts(9,34): error TS7006: Parameter 'taskId' implicitly has an 'any' type.
src/repositories/comment.repository.ts(9,42): error TS7006: Parameter 'skip' implicitly has an 'any' type.
src/repositories/comment.repository.ts(9,48): error TS7006: Parameter 'take' implicitly has an 'any' type.
src/repositories/comment.repository.ts(10,19): error TS2339: Property 'comment' does not exist on type 'PrismaClient<PrismaClientOptions, never, DefaultArgs>'.
src/repositories/comment.repository.ts(26,21): error TS7006: Parameter 'taskId' implicitly has an 'any' type.
src/repositories/comment.repository.ts(27,19): error TS2339: Property 'comment' does not exist on type 'PrismaClient<PrismaClientOptions, never, DefaultArgs>'.
src/repositories/dependency.repository.ts(12,32): error TS7006: Parameter 'projectId' implicitly has an 'any' type.
src/repositories/dependency.repository.ts(34,26): error TS7006: Parameter 'taskId' implicitly has an 'any' type.
src/repositories/dependency.repository.ts(34,34): error TS7006: Parameter 'dependsOnId' implicitly has an 'any' type.
src/repositories/project.repository.ts(11,25): error TS7006: Parameter 'workspaceId' implicitly has an 'any' type.
src/repositories/project.repository.ts(18,26): error TS7006: Parameter 'id' implicitly has an 'any' type.
src/repositories/sprint.repository.ts(12,23): error TS7006: Parameter 'id' implicitly has an 'any' type.
src/repositories/sprint.repository.ts(30,35): error TS7006: Parameter 'projectId' implicitly has an 'any' type.
src/repositories/sprint.repository.ts(42,35): error TS7006: Parameter 'sprintId' implicitly has an 'any' type.
src/repositories/sprint.repository.ts(42,45): error TS7006: Parameter 'currentDate' implicitly has an 'any' type.
src/repositories/sprint.repository.ts(45,9): error TS2353: Object literal may only specify known properties, and 'sprintId' does not exist in type 'TaskWhereInput'.
src/repositories/task.repository.ts(11,23): error TS7006: Parameter 'projectId' implicitly has an 'any' type.
src/repositories/task.repository.ts(22,24): error TS7006: Parameter 'assigneeId' implicitly has an 'any' type.
src/repositories/task.repository.ts(29,22): error TS7006: Parameter 'id' implicitly has an 'any' type.
src/repositories/task.repository.ts(29,26): error TS7006: Parameter 'status' implicitly has an 'any' type.
src/repositories/task.repository.ts(36,30): error TS7006: Parameter 'id' implicitly has an 'any' type.
src/repositories/workflow.repository.ts(12,23): error TS7006: Parameter 'projectId' implicitly has an 'any' type.
src/repositories/workflow.repository.ts(27,21): error TS7006: Parameter 'data' implicitly has an 'any' type.
src/repositories/workflow.repository.ts(28,19): error TS2339: Property 'workflowState' does not exist on type 'PrismaClient<PrismaClientOptions, never, DefaultArgs>'.
src/repositories/workflow.repository.ts(31,26): error TS7006: Parameter 'data' implicitly has an 'any' type.
src/repositories/workflow.repository.ts(32,19): error TS2339: Property 'workflowTransition' does not exist on type 'PrismaClient<PrismaClientOptions, never, DefaultArgs>'.
src/repositories/workflow.repository.ts(35,25): error TS7006: Parameter 'workflowId' implicitly has an 'any' type.
src/repositories/workflow.repository.ts(35,37): error TS7006: Parameter 'name' implicitly has an 'any' type.
src/repositories/workflow.repository.ts(36,19): error TS2339: Property 'workflowState' does not exist on type 'PrismaClient<PrismaClientOptions, never, DefaultArgs>'.
src/repositories/workflow.repository.ts(43,24): error TS7006: Parameter 'workflowId' implicitly has an 'any' type.
src/repositories/workflow.repository.ts(43,36): error TS7006: Parameter 'fromStateId' implicitly has an 'any' type.
src/repositories/workflow.repository.ts(43,49): error TS7006: Parameter 'toStateId' implicitly has an 'any' type.
src/repositories/workflow.repository.ts(44,19): error TS2339: Property 'workflowTransition' does not exist on type 'PrismaClient<PrismaClientOptions, never, DefaultArgs>'.
src/repositories/workspace.repository.ts(11,21): error TS7006: Parameter 'ownerId' implicitly has an 'any' type.
src/repositories/workspace.repository.ts(18,25): error TS7006: Parameter 'id' implicitly has an 'any' type.
src/services/activity.service.ts(8,24): error TS7006: Parameter 'projectId' implicitly has an 'any' type.
src/services/approval.service.ts(43,7): error TS2322: Type 'string' is not assignable to type 'null | undefined'.
src/services/approval.service.ts(82,7): error TS2322: Type 'string' is not assignable to type 'null | undefined'.
src/services/approval.service.ts(113,7): error TS2322: Type 'string' is not assignable to type 'null | undefined'.
src/services/auditLog.service.ts(19,21): error TS7031: Binding element 'userId' implicitly has an 'any' type.
src/services/auditLog.service.ts(19,29): error TS7031: Binding element 'action' implicitly has an 'any' type.
src/services/auditLog.service.ts(19,37): error TS7031: Binding element 'entityType' implicitly has an 'any' type.
src/services/auditLog.service.ts(19,49): error TS7031: Binding element 'entityId' implicitly has an 'any' type.
src/services/auditLog.service.ts(38,16): error TS18046: 'error' is of type 'unknown'.
src/services/auditLog.service.ts(43,25): error TS7006: Parameter 'entityType' implicitly has an 'any' type.
src/services/auditLog.service.ts(43,37): error TS7006: Parameter 'entityId' implicitly has an 'any' type.
src/services/auditLog.service.ts(47,23): error TS7006: Parameter 'userId' implicitly has an 'any' type.
src/services/auditLog.service.ts(51,28): error TS7006: Parameter 'start' implicitly has an 'any' type.
src/services/auditLog.service.ts(51,35): error TS7006: Parameter 'end' implicitly has an 'any' type.
src/services/auth.service.ts(18,20): error TS7031: Binding element 'name' implicitly has an 'any' type.
src/services/auth.service.ts(18,26): error TS7031: Binding element 'email' implicitly has an 'any' type.
src/services/auth.service.ts(18,33): error TS7031: Binding element 'password' implicitly has an 'any' type.
src/services/auth.service.ts(18,45): error TS7006: Parameter 'ipAddress' implicitly has an 'any' type.
src/services/auth.service.ts(59,17): error TS7031: Binding element 'email' implicitly has an 'any' type.
src/services/auth.service.ts(59,24): error TS7031: Binding element 'password' implicitly has an 'any' type.
src/services/auth.service.ts(59,36): error TS7006: Parameter 'ipAddress' implicitly has an 'any' type.
src/services/auth.service.ts(98,20): error TS7006: Parameter 'userId' implicitly has an 'any' type.
src/services/auth.service.ts(125,18): error TS7006: Parameter 'userId' implicitly has an 'any' type.
src/services/auth.service.ts(126,16): error TS2769: No overload matches this call.
  Overload 1 of 5, '(payload: string | object | Buffer<ArrayBufferLike>, secretOrPrivateKey: null, options?: (SignOptions & { algorithm: "none"; }) | undefined): string', gave the following error.
    Argument of type 'string' is not assignable to parameter of type 'null'.
  Overload 2 of 5, '(payload: string | object | Buffer<ArrayBufferLike>, secretOrPrivateKey: Buffer<ArrayBufferLike> | Secret | PrivateKeyInput | JsonWebKeyInput, options?: SignOptions | undefined): string', gave the following error.
    Type 'string' is not assignable to type 'number | StringValue | undefined'.
  Overload 3 of 5, '(payload: string | object | Buffer<ArrayBufferLike>, secretOrPrivateKey: Buffer<ArrayBufferLike> | Secret | PrivateKeyInput | JsonWebKeyInput, callback: SignCallback): void', gave the following error.
    Object literal may only specify known properties, and 'expiresIn' does not exist in type 'SignCallback'.
src/services/comment.service.ts(8,22): error TS7031: Binding element 'content' implicitly has an 'any' type.
src/services/comment.service.ts(8,31): error TS7031: Binding element 'taskId' implicitly has an 'any' type.
src/services/comment.service.ts(8,39): error TS7031: Binding element 'parentCommentId' implicitly has an 'any' type.
src/services/comment.service.ts(8,58): error TS7006: Parameter 'userId' implicitly has an 'any' type.
src/services/comment.service.ts(8,66): error TS7006: Parameter 'ipAddress' implicitly has an 'any' type.
src/services/comment.service.ts(39,27): error TS7006: Parameter 'taskId' implicitly has an 'any' type.
src/services/dependency.service.ts(59,7): error TS2322: Type 'string' is not assignable to type 'null | undefined'.
src/services/dependency.service.ts(82,24): error TS7053: Element implicitly has an 'any' type because expression of type 'string' can't be used to index type '{}'.
  No index signature with a parameter of type 'string' was found on type '{}'.
src/services/dependency.service.ts(100,69): error TS7053: Element implicitly has an 'any' type because expression of type 'string' can't be used to index type '{}'.
  No index signature with a parameter of type 'string' was found on type '{}'.
src/services/dependency.service.ts(102,13): error TS7053: Element implicitly has an 'any' type because expression of type 'string' can't be used to index type '{}'.
  No index signature with a parameter of type 'string' was found on type '{}'.
src/services/dependency.service.ts(105,51): error TS7053: Element implicitly has an 'any' type because expression of type 'string' can't be used to index type '{}'.
  No index signature with a parameter of type 'string' was found on type '{}'.
src/services/health.service.ts(27,21): error TS2339: Property 'database' does not exist on type '{}'.
src/services/health.service.ts(33,21): error TS2339: Property 'database' does not exist on type '{}'.
src/services/health.service.ts(35,16): error TS18046: 'error' is of type 'unknown'.
src/services/health.service.ts(37,68): error TS18046: 'error' is of type 'unknown'.
src/services/health.service.ts(42,19): error TS2339: Property 'memory' does not exist on type '{}'.
src/services/notification.service.ts(17,29): error TS7031: Binding element 'task' implicitly has an 'any' type.
src/services/notification.service.ts(17,35): error TS7031: Binding element 'daysOverdue' implicitly has an 'any' type.
src/services/notification.service.ts(22,33): error TS7031: Binding element 'sprint' implicitly has an 'any' type.
src/services/notification.service.ts(22,41): error TS7031: Binding element 'velocity' implicitly has an 'any' type.
src/services/notification.service.ts(26,30): error TS7031: Binding element 'taskId' implicitly has an 'any' type.
src/services/notification.service.ts(26,38): error TS7031: Binding element 'assigneeId' implicitly has an 'any' type.
src/services/project.service.ts(33,7): error TS2322: Type 'string' is not assignable to type 'null | undefined'.
src/services/project.service.ts(67,7): error TS2322: Type 'string' is not assignable to type 'null | undefined'.
src/services/project.service.ts(89,7): error TS2322: Type 'string' is not assignable to type 'null | undefined'.
src/services/sprint.service.ts(17,22): error TS7006: Parameter 'data' implicitly has an 'any' type.
src/services/sprint.service.ts(17,28): error TS7006: Parameter 'userId' implicitly has an 'any' type.
src/services/sprint.service.ts(17,36): error TS7006: Parameter 'ipAddress' implicitly has an 'any' type.
src/services/sprint.service.ts(38,28): error TS7006: Parameter 'taskId' implicitly has an 'any' type.
src/services/sprint.service.ts(38,36): error TS7006: Parameter 'sprintId' implicitly has an 'any' type.
src/services/sprint.service.ts(38,46): error TS7006: Parameter 'userId' implicitly has an 'any' type.
src/services/sprint.service.ts(38,54): error TS7006: Parameter 'ipAddress' implicitly has an 'any' type.
src/services/sprint.service.ts(67,25): error TS7006: Parameter 'sprintId' implicitly has an 'any' type.
src/services/sprint.service.ts(76,26): error TS7006: Parameter 'task' implicitly has an 'any' type.
src/services/sprint.service.ts(95,30): error TS7006: Parameter 'sprintId' implicitly has an 'any' type.
src/services/sprint.service.ts(100,48): error TS7006: Parameter 'sum' implicitly has an 'any' type.
src/services/sprint.service.ts(100,53): error TS7006: Parameter 'task' implicitly has an 'any' type.
src/services/sprint.service.ts(108,34): error TS2362: The left-hand side of an arithmetic operation must be of type 'any', 'number', 'bigint' or an enum type.
src/services/sprint.service.ts(108,61): error TS2363: The right-hand side of an arithmetic operation must be of type 'any', 'number', 'bigint' or an enum type.
src/services/sprint.service.ts(126,28): error TS7006: Parameter 'sprintId' implicitly has an 'any' type.
src/services/sprint.service.ts(131,25): error TS2362: The left-hand side of an arithmetic operation must be of type 'any', 'number', 'bigint' or an enum type.
src/services/sprint.service.ts(131,31): error TS2363: The right-hand side of an arithmetic operation must be of type 'any', 'number', 'bigint' or an enum type.
src/services/sprint.service.ts(131,40): error TS2769: No overload matches this call.
  Overload 1 of 5, '(value: string | number | Date): Date', gave the following error.
    Argument of type 'Date | null' is not assignable to parameter of type 'string | number | Date'.
      Type 'null' is not assignable to type 'string | number | Date'.
  Overload 2 of 5, '(vd: VarDate): Date', gave the following error.
    Argument of type 'Date | null' is not assignable to parameter of type 'VarDate'.
      Type 'null' is not assignable to type 'VarDate'.
  Overload 3 of 5, '(value: string | number): Date', gave the following error.
    Argument of type 'Date | null' is not assignable to parameter of type 'string | number'.
      Type 'null' is not assignable to type 'string | number'.
src/services/task.service.ts(55,7): error TS2322: Type 'string' is not assignable to type 'null | undefined'.
src/services/task.service.ts(93,7): error TS2322: Type 'string' is not assignable to type 'null | undefined'.
src/services/task.service.ts(113,7): error TS2322: Type 'string' is not assignable to type 'null | undefined'.
src/services/task.service.ts(137,7): error TS2322: Type 'string' is not assignable to type 'null | undefined'.
src/services/task.service.ts(165,7): error TS2322: Type 'string' is not assignable to type 'null | undefined'.
src/services/template.service.ts(29,7): error TS2322: Type 'string' is not assignable to type 'null | undefined'.
src/services/template.service.ts(66,7): error TS2322: Type 'string' is not assignable to type 'null | undefined'.
src/services/workflow.service.ts(13,24): error TS7006: Parameter 'projectId' implicitly has an 'any' type.
src/services/workflow.service.ts(13,35): error TS7006: Parameter 'userId' implicitly has an 'any' type.
src/services/workflow.service.ts(13,43): error TS7006: Parameter 'ipAddress' implicitly has an 'any' type.
src/services/workflow.service.ts(34,18): error TS7006: Parameter 'workflowId' implicitly has an 'any' type.
src/services/workflow.service.ts(34,30): error TS7006: Parameter 'data' implicitly has an 'any' type.
src/services/workflow.service.ts(34,36): error TS7006: Parameter 'userId' implicitly has an 'any' type.
src/services/workflow.service.ts(34,44): error TS7006: Parameter 'ipAddress' implicitly has an 'any' type.
src/services/workflow.service.ts(58,23): error TS7006: Parameter 'workflowId' implicitly has an 'any' type.
src/services/workflow.service.ts(58,35): error TS7006: Parameter 'data' implicitly has an 'any' type.
src/services/workflow.service.ts(58,41): error TS7006: Parameter 'userId' implicitly has an 'any' type.
src/services/workflow.service.ts(58,49): error TS7006: Parameter 'ipAddress' implicitly has an 'any' type.
src/services/workflow.service.ts(83,24): error TS7006: Parameter 'taskId' implicitly has an 'any' type.
src/services/workflow.service.ts(83,32): error TS7006: Parameter 'targetStateName' implicitly has an 'any' type.
src/services/workflow.service.ts(83,49): error TS7006: Parameter 'userId' implicitly has an 'any' type.
src/services/workflow.service.ts(83,57): error TS7006: Parameter 'ipAddress' implicitly has an 'any' type.
src/services/workflow.service.ts(147,30): error TS7006: Parameter 'projectId' implicitly has an 'any' type.
src/services/workspace.service.ts(50,7): error TS2322: Type 'string' is not assignable to type 'null | undefined'.
src/services/workspace.service.ts(93,9): error TS2322: Type 'string' is not assignable to type 'WorkspaceRole | undefined'.
src/services/workspace.service.ts(109,7): error TS2322: Type 'string' is not assignable to type 'null | undefined'.
